2025-06-04 21:18:24,605 - INFO - ログ記録を開始しました: C:\Users\echiz\00_研究コード\eMATES解析_GA\emates\src\util\logs\simulation_20250604_211824.log
2025-06-04 21:18:50,038 - INFO - ログ記録を開始しました: C:\Users\echiz\00_研究コード\eMATES解析_GA\emates\src\util\logs\simulation_20250604_211850.log
2025-06-04 21:19:36,727 - INFO - ログ記録を開始しました: C:\Users\echiz\00_研究コード\eMATES解析_GA\emates\src\util\logs\simulation_20250604_211936.log
2025-06-04 21:19:41,974 - INFO - CS集約完了: 1440行, 22個のCS関連カラム
2025-06-04 21:19:41,974 - INFO - 時系列データ変換完了: 1440行, 期間: 2024-01-01 00:01:00 - 2024-01-02 00:00:00
2025-06-04 21:25:52,300 - INFO - ログ記録を開始しました: C:\Users\echiz\00_研究コード\eMATES解析_GA\emates\src\util\logs\simulation_20250604_212552.log
2025-06-04 21:25:58,503 - INFO - CS集約完了（分離版）: Cap_kW (1440, 12), waitingLine (1440, 12)
2025-06-04 21:25:58,503 - WARNING - Tファイル読み込みエラー: 'tuple' object has no attribute 'empty'
2025-06-04 21:30:26,668 - INFO - ログ記録を開始しました: C:\Users\echiz\00_研究コード\eMATES解析_GA\emates\src\util\logs\simulation_20250604_213026.log
2025-06-04 21:30:32,642 - INFO - CS集約完了（分離版）: Cap_kW (1440, 12), waitingLine (1440, 12)
2025-06-04 21:47:01,772 - INFO - ログ記録を開始しました: C:\Users\echiz\00_研究コード\eMATES解析_GA\emates\src\util\logs\simulation_20250604_214701.log
2025-06-04 21:47:07,893 - INFO - CS集約完了（分離版）: Cap_kW (1440, 12), waitingLine (1440, 12)
2025-06-04 21:47:07,893 - INFO - datetime変換完了: 1440行, 期間: 2024-01-01 00:01:00 - 2024-01-02 00:00:00
2025-06-04 21:47:07,893 - INFO - datetime変換完了: 1440行, 期間: 2024-01-01 00:01:00 - 2024-01-02 00:00:00
2025-06-04 21:55:14,411 - INFO - ログ記録を開始しました: C:\Users\echiz\00_研究コード\eMATES解析_GA\emates\src\util\logs\simulation_20250604_215514.log
2025-06-04 21:57:38,015 - INFO - ログ記録を開始しました: C:\Users\echiz\00_研究コード\eMATES解析_GA\emates\src\util\logs\simulation_20250604_215738.log
2025-06-04 21:57:56,146 - INFO - ログ記録を開始しました: C:\Users\echiz\00_研究コード\eMATES解析_GA\emates\src\util\logs\simulation_20250604_215756.log
2025-06-04 22:03:59,138 - INFO - ログ記録を開始しました: C:\Users\echiz\00_研究コード\eMATES解析_GA\emates\src\util\logs\simulation_20250604_220359.log
2025-06-04 22:05:05,119 - INFO - ログ記録を開始しました: C:\Users\echiz\00_研究コード\eMATES解析_GA\emates\src\util\logs\simulation_20250604_220505.log
2025-06-04 22:06:16,167 - INFO - ログ記録を開始しました: C:\Users\echiz\00_研究コード\eMATES解析_GA\emates\src\util\logs\simulation_20250604_220616.log
2025-06-04 22:07:02,369 - INFO - ログ記録を開始しました: C:\Users\echiz\00_研究コード\eMATES解析_GA\emates\src\util\logs\simulation_20250604_220702.log
2025-06-04 22:07:02,584 - INFO - datetime変換完了: 6行, 期間: 2024-01-01 08:37:00 - 2024-01-01 10:09:00
2025-06-04 22:07:57,739 - INFO - ログ記録を開始しました: C:\Users\echiz\00_研究コード\eMATES解析_GA\emates\src\util\logs\simulation_20250604_220757.log
2025-06-04 22:18:21,422 - INFO - ログ記録を開始しました: C:\Users\echiz\00_研究コード\eMATES解析_GA\emates\src\util\logs\simulation_20250604_221821.log
2025-06-04 22:18:21,636 - WARNING - 走行データ読み込みエラー: 'usecols' must either be list-like of all strings, all unicode, all integers or a callable.
2025-06-04 22:19:58,083 - INFO - ログ記録を開始しました: C:\Users\echiz\00_研究コード\eMATES解析_GA\emates\src\util\logs\simulation_20250604_221958.log
2025-06-04 22:21:24,220 - INFO - ログ記録を開始しました: C:\Users\echiz\00_研究コード\eMATES解析_GA\emates\src\util\logs\simulation_20250604_222124.log
2025-06-04 22:21:27,515 - INFO - ログ記録を開始しました: C:\Users\echiz\00_研究コード\eMATES解析_GA\emates\src\util\logs\simulation_20250604_222127.log
2025-06-04 22:21:40,586 - INFO - ログ記録を開始しました: C:\Users\echiz\00_研究コード\eMATES解析_GA\emates\src\util\logs\simulation_20250604_222140.log
2025-06-04 22:27:01,523 - INFO - ログ記録を開始しました: C:\Users\echiz\00_研究コード\eMATES解析_GA\emates\src\util\logs\simulation_20250604_222701.log
2025-06-04 22:27:01,732 - INFO - datetime変換完了: 6行, 期間: 2024-01-01 08:37:00 - 2024-01-01 10:09:00
2025-06-04 22:30:45,370 - INFO - ログ記録を開始しました: C:\Users\echiz\00_研究コード\eMATES解析_GA\emates\src\util\logs\simulation_20250604_223045.log
2025-06-04 22:32:02,393 - INFO - ログ記録を開始しました: C:\Users\echiz\00_研究コード\eMATES解析_GA\emates\src\util\logs\simulation_20250604_223202.log
2025-06-04 22:32:17,496 - INFO - ログ記録を開始しました: C:\Users\echiz\00_研究コード\eMATES解析_GA\emates\src\util\logs\simulation_20250604_223217.log
2025-06-04 22:32:28,629 - INFO - ログ記録を開始しました: C:\Users\echiz\00_研究コード\eMATES解析_GA\emates\src\util\logs\simulation_20250604_223228.log
2025-06-04 22:33:54,161 - INFO - ログ記録を開始しました: C:\Users\echiz\00_研究コード\eMATES解析_GA\emates\src\util\logs\simulation_20250604_223354.log
2025-06-04 22:34:25,159 - INFO - ログ記録を開始しました: C:\Users\echiz\00_研究コード\eMATES解析_GA\emates\src\util\logs\simulation_20250604_223425.log
2025-06-04 22:34:45,987 - INFO - ログ記録を開始しました: C:\Users\echiz\00_研究コード\eMATES解析_GA\emates\src\util\logs\simulation_20250604_223445.log
2025-06-04 22:35:00,206 - INFO - ログ記録を開始しました: C:\Users\echiz\00_研究コード\eMATES解析_GA\emates\src\util\logs\simulation_20250604_223500.log
2025-06-04 22:35:36,113 - INFO - ログ記録を開始しました: C:\Users\echiz\00_研究コード\eMATES解析_GA\emates\src\util\logs\simulation_20250604_223536.log
2025-06-04 22:36:48,577 - INFO - ログ記録を開始しました: C:\Users\echiz\00_研究コード\eMATES解析_GA\emates\src\util\logs\simulation_20250604_223648.log
2025-06-04 22:39:38,284 - INFO - ログ記録を開始しました: C:\Users\echiz\00_研究コード\eMATES解析_GA\emates\src\util\logs\simulation_20250604_223938.log
2025-06-04 22:39:52,366 - INFO - ログ記録を開始しました: C:\Users\echiz\00_研究コード\eMATES解析_GA\emates\src\util\logs\simulation_20250604_223952.log
2025-06-04 22:42:12,432 - INFO - ログ記録を開始しました: C:\Users\echiz\00_研究コード\eMATES解析_GA\emates\src\util\logs\simulation_20250604_224212.log
2025-06-04 22:42:34,435 - INFO - ログ記録を開始しました: C:\Users\echiz\00_研究コード\eMATES解析_GA\emates\src\util\logs\simulation_20250604_224234.log
2025-06-04 22:43:23,289 - INFO - ログ記録を開始しました: C:\Users\echiz\00_研究コード\eMATES解析_GA\emates\src\util\logs\simulation_20250604_224323.log
2025-06-04 22:49:30,372 - INFO - ログ記録を開始しました: C:\Users\echiz\00_研究コード\eMATES解析_GA\emates\src\util\logs\simulation_20250604_224930.log
2025-06-04 22:49:59,414 - INFO - ログ記録を開始しました: C:\Users\echiz\00_研究コード\eMATES解析_GA\emates\src\util\logs\simulation_20250604_224959.log
2025-06-04 22:51:37,545 - INFO - ログ記録を開始しました: C:\Users\echiz\00_研究コード\eMATES解析_GA\emates\src\util\logs\simulation_20250604_225137.log
2025-06-04 22:51:43,597 - INFO - 時系列データ変換完了: 15840行, 期間: 2024-01-01 00:01:00 - 2024-01-02 00:00:00
2025-06-04 22:51:47,854 - INFO - 時系列データ変換完了: 15840行, 期間: 2024-01-01 00:01:00 - 2024-01-02 00:00:00
2025-06-04 22:53:44,250 - INFO - ログ記録を開始しました: C:\Users\echiz\00_研究コード\eMATES解析_GA\emates\src\util\logs\simulation_20250604_225344.log
2025-06-04 22:53:49,746 - INFO - 時系列データ変換完了: 15840行, 期間: 2024-01-01 00:01:00 - 2024-01-02 00:00:00
2025-06-04 22:53:53,966 - INFO - 時系列データ変換完了: 15840行, 期間: 2024-01-01 00:01:00 - 2024-01-02 00:00:00
2025-06-04 22:55:00,631 - INFO - ログ記録を開始しました: C:\Users\echiz\00_研究コード\eMATES解析_GA\emates\src\util\logs\simulation_20250604_225500.log
2025-06-04 22:55:05,841 - INFO - 時系列データ変換完了: 15840行, 期間: 2024-01-01 00:01:00 - 2024-01-02 00:00:00
2025-06-04 22:55:10,009 - INFO - 時系列データ変換完了: 15840行, 期間: 2024-01-01 00:01:00 - 2024-01-02 00:00:00
2025-06-04 23:27:49,982 - INFO - ログ記録を開始しました: C:\Users\echiz\00_研究コード\eMATES解析_GA\emates\src\util\logs\simulation_20250604_232749.log
2025-06-04 23:27:51,262 - INFO - datetime変換完了: 6行, 期間: 2024-01-01 08:37:00 - 2024-01-01 10:09:00
2025-06-04 23:28:32,600 - INFO - ログ記録を開始しました: C:\Users\echiz\00_研究コード\eMATES解析_GA\emates\src\util\logs\simulation_20250604_232832.log
2025-06-04 23:28:32,797 - INFO - datetime変換完了: 6行, 期間: 2024-01-01 08:37:00 - 2024-01-01 10:09:00
2025-06-04 23:29:54,750 - INFO - ログ記録を開始しました: C:\Users\echiz\00_研究コード\eMATES解析_GA\emates\src\util\logs\simulation_20250604_232954.log
2025-06-04 23:29:55,931 - INFO - datetime変換完了: 6行, 期間: 2024-01-01 08:37:00 - 2024-01-01 10:09:00
2025-06-04 23:30:13,669 - INFO - ログ記録を開始しました: C:\Users\echiz\00_研究コード\eMATES解析_GA\emates\src\util\logs\simulation_20250604_233013.log
2025-06-04 23:30:13,879 - INFO - datetime変換完了: 6行, 期間: 2024-01-01 08:37:00 - 2024-01-01 10:09:00
2025-06-04 23:31:15,523 - INFO - ログ記録を開始しました: C:\Users\echiz\00_研究コード\eMATES解析_GA\emates\src\util\logs\simulation_20250604_233115.log
2025-06-04 23:31:15,732 - INFO - datetime変換完了: 6行, 期間: 2024-01-01 08:37:00 - 2024-01-01 10:09:00
2025-06-04 23:32:02,838 - INFO - ログ記録を開始しました: C:\Users\echiz\00_研究コード\eMATES解析_GA\emates\src\util\logs\simulation_20250604_233202.log
2025-06-04 23:32:03,086 - INFO - datetime変換完了: 6行, 期間: 2024-01-01 08:37:00 - 2024-01-01 10:09:00
2025-06-04 23:33:25,175 - INFO - ログ記録を開始しました: C:\Users\echiz\00_研究コード\eMATES解析_GA\emates\src\util\logs\simulation_20250604_233325.log
2025-06-04 23:33:26,449 - INFO - datetime変換完了: 6行, 期間: 2024-01-01 08:37:00 - 2024-01-01 10:09:00
2025-06-04 23:33:31,392 - INFO - CS集約完了（分離版）: Cap_kW (1440, 12), waitingLine (1440, 12)
2025-06-04 23:33:31,392 - INFO - datetime変換完了: 1440行, 期間: 2024-01-01 00:01:00 - 2024-01-02 00:00:00
2025-06-04 23:33:31,392 - INFO - datetime変換完了: 1440行, 期間: 2024-01-01 00:01:00 - 2024-01-02 00:00:00
2025-06-04 23:39:09,360 - INFO - データ収集・整理を開始（datetime対応）
2025-06-04 23:39:15,351 - INFO - CS集約完了（分離版）: Cap_kW (1440, 12), waitingLine (1440, 12)
2025-06-04 23:39:15,351 - INFO - datetime変換完了: 1440行, 期間: 2024-01-01 00:01:00 - 2024-01-02 00:00:00
2025-06-04 23:39:15,351 - INFO - datetime変換完了: 1440行, 期間: 2024-01-01 00:01:00 - 2024-01-02 00:00:00
2025-06-04 23:39:15,359 - INFO - datetime変換完了: 6行, 期間: 2024-01-01 08:37:00 - 2024-01-01 10:09:00
2025-06-04 23:39:15,379 - ERROR - Worker 1 データ収集エラー: 'dict' object has no attribute 'empty'
2025-06-04 23:39:20,244 - INFO - CS集約完了（分離版）: Cap_kW (1440, 16), waitingLine (1440, 16)
2025-06-04 23:39:20,246 - INFO - datetime変換完了: 1440行, 期間: 2024-01-01 00:01:00 - 2024-01-02 00:00:00
2025-06-04 23:39:20,247 - INFO - datetime変換完了: 1440行, 期間: 2024-01-01 00:01:00 - 2024-01-02 00:00:00
2025-06-04 23:39:20,263 - INFO - datetime変換完了: 25行, 期間: 2024-01-01 08:50:00 - 2024-01-01 22:43:00
2025-06-04 23:39:20,296 - ERROR - Worker 2 データ収集エラー: 'dict' object has no attribute 'empty'
2025-06-04 23:39:20,297 - INFO - Worker 3 が見つからないため処理終了
2025-06-04 23:39:20,297 - INFO - 総計 2 ワーカーのデータを収集
2025-06-04 23:41:07,251 - INFO - CS集約完了（分離版）: Cap_kW (1440, 12), waitingLine (1440, 12)
2025-06-04 23:41:07,251 - INFO - datetime変換完了: 1440行, 期間: 2024-01-01 00:01:00 - 2024-01-02 00:00:00
2025-06-04 23:41:07,251 - INFO - datetime変換完了: 1440行, 期間: 2024-01-01 00:01:00 - 2024-01-02 00:00:00
2025-06-04 23:41:07,267 - INFO - datetime変換完了: 6行, 期間: 2024-01-01 08:37:00 - 2024-01-01 10:09:00
2025-06-04 23:41:39,993 - INFO - CS集約完了（分離版）: Cap_kW (1440, 12), waitingLine (1440, 12)
2025-06-04 23:41:39,993 - INFO - datetime変換完了: 1440行, 期間: 2024-01-01 00:01:00 - 2024-01-02 00:00:00
2025-06-04 23:41:39,993 - INFO - datetime変換完了: 1440行, 期間: 2024-01-01 00:01:00 - 2024-01-02 00:00:00
2025-06-04 23:41:39,993 - INFO - datetime変換完了: 6行, 期間: 2024-01-01 08:37:00 - 2024-01-01 10:09:00
2025-06-04 23:43:48,083 - INFO - Worker 1: 時系列期間 2024-01-01 00:01:00 - 2024-01-02 00:00:00
2025-06-04 23:44:11,064 - INFO - Worker 1: 時系列期間 2024-01-01 00:01:00 - 2024-01-02 00:00:00
2025-06-04 23:44:11,064 - INFO - Worker 1: 待機行列期間 2024-01-01 00:01:00 - 2024-01-02 00:00:00
2025-06-04 23:45:30,071 - INFO - CS集約完了（分離版）: Cap_kW (1440, 12), waitingLine (1440, 12)
2025-06-04 23:45:30,071 - INFO - datetime変換完了: 1440行, 期間: 2024-01-01 00:01:00 - 2024-01-02 00:00:00
2025-06-04 23:45:30,071 - INFO - datetime変換完了: 1440行, 期間: 2024-01-01 00:01:00 - 2024-01-02 00:00:00
2025-06-04 23:45:30,084 - INFO - datetime変換完了: 6行, 期間: 2024-01-01 08:37:00 - 2024-01-01 10:09:00
2025-06-04 23:45:33,179 - INFO - データ収集・整理を開始（datetime対応）
2025-06-04 23:45:37,238 - INFO - CS集約完了（分離版）: Cap_kW (1440, 12), waitingLine (1440, 12)
2025-06-04 23:45:37,238 - INFO - datetime変換完了: 1440行, 期間: 2024-01-01 00:01:00 - 2024-01-02 00:00:00
2025-06-04 23:45:37,238 - INFO - datetime変換完了: 1440行, 期間: 2024-01-01 00:01:00 - 2024-01-02 00:00:00
2025-06-04 23:45:37,255 - INFO - datetime変換完了: 6行, 期間: 2024-01-01 08:37:00 - 2024-01-01 10:09:00
2025-06-04 23:45:37,274 - ERROR - Worker 1 データ収集エラー: 'dict' object has no attribute 'empty'
2025-06-04 23:45:41,626 - INFO - CS集約完了（分離版）: Cap_kW (1440, 16), waitingLine (1440, 16)
2025-06-04 23:45:41,626 - INFO - datetime変換完了: 1440行, 期間: 2024-01-01 00:01:00 - 2024-01-02 00:00:00
2025-06-04 23:45:41,626 - INFO - datetime変換完了: 1440行, 期間: 2024-01-01 00:01:00 - 2024-01-02 00:00:00
2025-06-04 23:45:41,626 - INFO - datetime変換完了: 25行, 期間: 2024-01-01 08:50:00 - 2024-01-01 22:43:00
2025-06-04 23:45:41,666 - ERROR - Worker 2 データ収集エラー: 'dict' object has no attribute 'empty'
2025-06-04 23:45:41,666 - INFO - Worker 3 が見つからないため処理終了
2025-06-04 23:45:41,666 - INFO - 総計 2 ワーカーのデータを収集
2025-06-04 23:50:14,806 - INFO - データ収集・整理を開始（datetime対応）
2025-06-04 23:50:20,805 - INFO - CS集約完了（分離版）: Cap_kW (1440, 12), waitingLine (1440, 12)
2025-06-04 23:50:20,805 - INFO - datetime変換完了: 1440行, 期間: 2024-01-01 00:01:00 - 2024-01-02 00:00:00
2025-06-04 23:50:20,805 - INFO - datetime変換完了: 1440行, 期間: 2024-01-01 00:01:00 - 2024-01-02 00:00:00
2025-06-04 23:50:20,805 - INFO - datetime変換完了: 6行, 期間: 2024-01-01 08:37:00 - 2024-01-01 10:09:00
2025-06-04 23:50:20,840 - ERROR - Worker 1 データ収集エラー: 'dict' object has no attribute 'empty'
2025-06-04 23:50:25,528 - INFO - CS集約完了（分離版）: Cap_kW (1440, 16), waitingLine (1440, 16)
2025-06-04 23:50:25,528 - INFO - datetime変換完了: 1440行, 期間: 2024-01-01 00:01:00 - 2024-01-02 00:00:00
2025-06-04 23:50:25,528 - INFO - datetime変換完了: 1440行, 期間: 2024-01-01 00:01:00 - 2024-01-02 00:00:00
2025-06-04 23:50:25,543 - INFO - datetime変換完了: 25行, 期間: 2024-01-01 08:50:00 - 2024-01-01 22:43:00
2025-06-04 23:50:25,581 - ERROR - Worker 2 データ収集エラー: 'dict' object has no attribute 'empty'
2025-06-04 23:50:25,582 - INFO - Worker 3 が見つからないため処理終了
2025-06-04 23:50:25,582 - INFO - 総計 2 ワーカーのデータを収集
2025-06-04 23:52:43,473 - INFO - データ収集・整理を開始（datetime対応）
2025-06-04 23:52:49,327 - INFO - CS集約完了（分離版）: Cap_kW (1440, 12), waitingLine (1440, 12)
2025-06-04 23:52:49,327 - INFO - datetime変換完了: 1440行, 期間: 2024-01-01 00:01:00 - 2024-01-02 00:00:00
2025-06-04 23:52:49,331 - INFO - datetime変換完了: 1440行, 期間: 2024-01-01 00:01:00 - 2024-01-02 00:00:00
2025-06-04 23:52:49,332 - INFO - datetime変換完了: 6行, 期間: 2024-01-01 08:37:00 - 2024-01-01 10:09:00
2025-06-04 23:52:49,360 - ERROR - Worker 1 データ収集エラー: 'dict' object has no attribute 'empty'
2025-06-04 23:52:53,942 - INFO - CS集約完了（分離版）: Cap_kW (1440, 16), waitingLine (1440, 16)
2025-06-04 23:52:53,943 - INFO - datetime変換完了: 1440行, 期間: 2024-01-01 00:01:00 - 2024-01-02 00:00:00
2025-06-04 23:52:53,945 - INFO - datetime変換完了: 1440行, 期間: 2024-01-01 00:01:00 - 2024-01-02 00:00:00
2025-06-04 23:52:53,947 - INFO - datetime変換完了: 25行, 期間: 2024-01-01 08:50:00 - 2024-01-01 22:43:00
2025-06-04 23:52:53,986 - ERROR - Worker 2 データ収集エラー: 'dict' object has no attribute 'empty'
2025-06-04 23:52:53,986 - INFO - Worker 3 が見つからないため処理終了
2025-06-04 23:52:53,986 - INFO - 総計 2 ワーカーのデータを収集
2025-06-04 23:53:43,863 - INFO - Worker 1: 時系列期間 2024-01-01 00:01:00 - 2024-01-02 00:00:00
2025-06-04 23:53:43,864 - INFO - Worker 1: 待機行列期間 2024-01-01 00:01:00 - 2024-01-02 00:00:00
2025-06-04 23:54:51,736 - INFO - データ収集・整理を開始（datetime対応）
2025-06-04 23:54:57,649 - INFO - CS集約完了（分離版）: Cap_kW (1440, 12), waitingLine (1440, 12)
2025-06-04 23:54:57,652 - INFO - datetime変換完了: 1440行, 期間: 2024-01-01 00:01:00 - 2024-01-02 00:00:00
2025-06-04 23:54:57,652 - INFO - datetime変換完了: 1440行, 期間: 2024-01-01 00:01:00 - 2024-01-02 00:00:00
2025-06-04 23:54:57,656 - INFO - datetime変換完了: 6行, 期間: 2024-01-01 08:37:00 - 2024-01-01 10:09:00
2025-06-04 23:54:57,666 - ERROR - Worker 1 データ収集エラー: 'dict' object has no attribute 'empty'
2025-06-04 23:55:02,319 - INFO - CS集約完了（分離版）: Cap_kW (1440, 16), waitingLine (1440, 16)
2025-06-04 23:55:02,319 - INFO - datetime変換完了: 1440行, 期間: 2024-01-01 00:01:00 - 2024-01-02 00:00:00
2025-06-04 23:55:02,319 - INFO - datetime変換完了: 1440行, 期間: 2024-01-01 00:01:00 - 2024-01-02 00:00:00
2025-06-04 23:55:02,338 - INFO - datetime変換完了: 25行, 期間: 2024-01-01 08:50:00 - 2024-01-01 22:43:00
2025-06-04 23:55:02,357 - ERROR - Worker 2 データ収集エラー: 'dict' object has no attribute 'empty'
2025-06-04 23:55:02,369 - INFO - Worker 3 が見つからないため処理終了
2025-06-04 23:55:02,370 - INFO - 総計 2 ワーカーのデータを収集
2025-06-04 23:55:13,038 - INFO - ログ記録を開始しました: C:\Users\echiz\00_研究コード\eMATES解析_GA\emates\src\util\logs\simulation_20250604_235513.log
2025-06-04 23:55:13,051 - INFO - datetime変換完了: 6行, 期間: 2024-01-01 08:37:00 - 2024-01-01 10:09:00
2025-06-04 23:55:17,598 - INFO - CS集約完了（分離版）: Cap_kW (1440, 12), waitingLine (1440, 12)
2025-06-04 23:55:17,598 - INFO - datetime変換完了: 1440行, 期間: 2024-01-01 00:01:00 - 2024-01-02 00:00:00
2025-06-04 23:55:17,598 - INFO - datetime変換完了: 1440行, 期間: 2024-01-01 00:01:00 - 2024-01-02 00:00:00
2025-06-04 23:55:20,653 - INFO - データ収集・整理を開始（datetime対応）
2025-06-04 23:55:25,076 - INFO - CS集約完了（分離版）: Cap_kW (1440, 12), waitingLine (1440, 12)
2025-06-04 23:55:25,076 - INFO - datetime変換完了: 1440行, 期間: 2024-01-01 00:01:00 - 2024-01-02 00:00:00
2025-06-04 23:55:25,088 - INFO - datetime変換完了: 1440行, 期間: 2024-01-01 00:01:00 - 2024-01-02 00:00:00
2025-06-04 23:55:25,091 - INFO - datetime変換完了: 6行, 期間: 2024-01-01 08:37:00 - 2024-01-01 10:09:00
2025-06-04 23:55:29,308 - INFO - CS集約完了（分離版）: Cap_kW (1440, 16), waitingLine (1440, 16)
2025-06-04 23:55:29,308 - INFO - datetime変換完了: 1440行, 期間: 2024-01-01 00:01:00 - 2024-01-02 00:00:00
2025-06-04 23:55:29,308 - INFO - datetime変換完了: 1440行, 期間: 2024-01-01 00:01:00 - 2024-01-02 00:00:00
2025-06-04 23:55:29,327 - INFO - datetime変換完了: 25行, 期間: 2024-01-01 08:50:00 - 2024-01-01 22:43:00
2025-06-04 23:55:29,360 - INFO - Worker 3 が見つからないため処理終了
2025-06-04 23:55:29,360 - INFO - 総計 2 ワーカーのデータを収集
