2025-05-23 07:14:52,905 - INFO - ログ記録を開始しました: C:\Users\echiz\00_研究コード\eMATES解析_GA\emates\src\util\logs\simulation_20250523_071452.log
2025-05-23 07:14:52,905 - INFO - 実行パラメータ: 並列数=4, 設定=data/solution.json
2025-05-23 07:14:52,905 - INFO - 充電ステーション設定: [[0, 0, 2, 0, 2, 1, 0, 0, 2], [0, 0, 4, 0, 1, 3, 0, 2, 0], [0, 0, 2, 0, 2, 0, 0, 2, 1], [0, 0, 0, 0, 0, 1, 0, 0, 2]]
2025-05-23 07:14:52,905 - INFO - 設定 1/4 の評価を開始
2025-05-23 07:14:52,905 - INFO - 並列シミュレーション開始: 4プロセス
2025-05-23 07:14:52,906 - INFO - Worker 1のディレクトリは既に存在: \\wsl.localhost\ubuntu-22.04\home\tsato-cnlab\Emates\eMATES_2308\network\coupled_network_shikata_1
2025-05-23 07:14:52,906 - INFO - Worker 2のディレクトリは既に存在: \\wsl.localhost\ubuntu-22.04\home\tsato-cnlab\Emates\eMATES_2308\network\coupled_network_shikata_2
2025-05-23 07:14:52,910 - INFO - Worker 3のディレクトリは既に存在: \\wsl.localhost\ubuntu-22.04\home\tsato-cnlab\Emates\eMATES_2308\network\coupled_network_shikata_3
2025-05-23 07:14:52,910 - INFO - Worker 4のディレクトリは既に存在: \\wsl.localhost\ubuntu-22.04\home\tsato-cnlab\Emates\eMATES_2308\network\coupled_network_shikata_4
2025-05-23 07:14:52,910 - INFO - 並列環境の準備が完了しました
2025-05-23 07:14:52,914 - INFO - ワーカー 1 の処理開始
2025-05-23 07:14:52,915 - INFO - ワーカー 2 の処理開始
2025-05-23 07:14:52,915 - INFO - ワーカー 3 の処理開始
2025-05-23 07:14:52,915 - INFO - ワーカー 4 の処理開始
2025-05-23 07:15:52,919 - INFO - ワーカー 2: 実行中... (経過時間: 60.0秒)
2025-05-23 07:15:52,922 - INFO - ワーカー 4: 実行中... (経過時間: 60.0秒)
2025-05-23 07:15:52,923 - INFO - ワーカー 1: 実行中... (経過時間: 60.0秒)
2025-05-23 07:15:52,929 - INFO - ワーカー 3: 実行中... (経過時間: 60.0秒)
2025-05-23 07:16:52,920 - INFO - ワーカー 2: 実行中... (経過時間: 120.0秒)
2025-05-23 07:16:52,924 - INFO - ワーカー 4: 実行中... (経過時間: 120.0秒)
2025-05-23 07:16:52,927 - INFO - ワーカー 1: 実行中... (経過時間: 120.0秒)
2025-05-23 07:16:52,929 - INFO - ワーカー 3: 実行中... (経過時間: 120.0秒)
2025-05-23 07:17:52,924 - INFO - ワーカー 2: 実行中... (経過時間: 180.0秒)
2025-05-23 07:17:52,931 - INFO - ワーカー 1: 実行中... (経過時間: 180.0秒)
2025-05-23 07:17:52,931 - INFO - ワーカー 4: 実行中... (経過時間: 180.0秒)
2025-05-23 07:17:52,937 - INFO - ワーカー 3: 実行中... (経過時間: 180.0秒)
2025-05-23 07:18:52,927 - INFO - ワーカー 2: 実行中... (経過時間: 240.0秒)
2025-05-23 07:18:52,932 - INFO - ワーカー 1: 実行中... (経過時間: 240.0秒)
2025-05-23 07:18:52,935 - INFO - ワーカー 4: 実行中... (経過時間: 240.0秒)
2025-05-23 07:18:52,939 - INFO - ワーカー 3: 実行中... (経過時間: 240.0秒)
2025-05-23 07:19:52,930 - INFO - ワーカー 2: 実行中... (経過時間: 300.0秒)
2025-05-23 07:19:52,933 - INFO - ワーカー 1: 実行中... (経過時間: 300.0秒)
2025-05-23 07:19:52,937 - INFO - ワーカー 4: 実行中... (経過時間: 300.0秒)
2025-05-23 07:19:52,943 - INFO - ワーカー 3: 実行中... (経過時間: 300.0秒)
2025-05-23 07:20:52,932 - INFO - ワーカー 2: 実行中... (経過時間: 360.0秒)
2025-05-23 07:20:52,934 - INFO - ワーカー 1: 実行中... (経過時間: 360.0秒)
2025-05-23 07:20:52,938 - INFO - ワーカー 4: 実行中... (経過時間: 360.0秒)
2025-05-23 07:20:52,945 - INFO - ワーカー 3: 実行中... (経過時間: 360.0秒)
2025-05-23 07:21:52,934 - INFO - ワーカー 2: 実行中... (経過時間: 420.0秒)
2025-05-23 07:21:52,936 - INFO - ワーカー 1: 実行中... (経過時間: 420.0秒)
2025-05-23 07:21:52,949 - INFO - ワーカー 3: 実行中... (経過時間: 420.0秒)
2025-05-23 07:21:52,950 - INFO - ワーカー 4: 実行中... (経過時間: 420.0秒)
2025-05-23 07:22:10,351 - INFO - ワーカー 1 のシミュレーション完了 (所要時間: 437.4秒)
2025-05-23 07:22:10,351 - INFO - ワーカー 1 の処理完了 (所要時間: 437.4秒)
2025-05-23 07:22:10,352 - INFO - ワーカー 1 のシミュレーション正常終了
2025-05-23 07:22:11,461 - INFO - ワーカー 4 のシミュレーション完了 (所要時間: 438.5秒)
2025-05-23 07:22:11,461 - INFO - ワーカー 4 の処理完了 (所要時間: 438.5秒)
2025-05-23 07:22:11,461 - INFO - ワーカー 4 のシミュレーション正常終了
2025-05-23 07:22:13,963 - INFO - ワーカー 2 のシミュレーション完了 (所要時間: 441.0秒)
2025-05-23 07:22:13,963 - INFO - ワーカー 2 の処理完了 (所要時間: 441.0秒)
2025-05-23 07:22:13,963 - INFO - ワーカー 2 のシミュレーション正常終了
2025-05-23 07:22:14,214 - INFO - ワーカー 3 のシミュレーション完了 (所要時間: 441.3秒)
2025-05-23 07:22:14,214 - INFO - ワーカー 3 の処理完了 (所要時間: 441.3秒)
2025-05-23 07:22:14,214 - INFO - ワーカー 3 のシミュレーション正常終了
2025-05-23 07:22:14,220 - INFO - すべてのシミュレーションが正常に完了しました (総所要時間: 441.3秒)
2025-05-23 07:22:14,220 - INFO - 設定 1/4 の評価が完了
2025-05-23 07:22:14,220 - INFO - 設定 2/4 の評価を開始
2025-05-23 07:22:14,220 - INFO - 並列シミュレーション開始: 4プロセス
2025-05-23 07:22:14,220 - INFO - Worker 1のディレクトリは既に存在: \\wsl.localhost\ubuntu-22.04\home\tsato-cnlab\Emates\eMATES_2308\network\coupled_network_shikata_1
2025-05-23 07:22:14,220 - INFO - Worker 2のディレクトリは既に存在: \\wsl.localhost\ubuntu-22.04\home\tsato-cnlab\Emates\eMATES_2308\network\coupled_network_shikata_2
2025-05-23 07:22:14,220 - INFO - Worker 3のディレクトリは既に存在: \\wsl.localhost\ubuntu-22.04\home\tsato-cnlab\Emates\eMATES_2308\network\coupled_network_shikata_3
2025-05-23 07:22:14,220 - INFO - Worker 4のディレクトリは既に存在: \\wsl.localhost\ubuntu-22.04\home\tsato-cnlab\Emates\eMATES_2308\network\coupled_network_shikata_4
2025-05-23 07:22:14,220 - INFO - 並列環境の準備が完了しました
2025-05-23 07:22:14,220 - INFO - ワーカー 1 の処理開始
2025-05-23 07:22:14,220 - INFO - ワーカー 2 の処理開始
2025-05-23 07:22:14,225 - INFO - ワーカー 3 の処理開始
2025-05-23 07:22:14,225 - INFO - ワーカー 4 の処理開始
2025-05-23 07:23:14,230 - INFO - ワーカー 3: 実行中... (経過時間: 60.0秒)
2025-05-23 07:23:14,230 - INFO - ワーカー 2: 実行中... (経過時間: 60.0秒)
2025-05-23 07:23:14,232 - INFO - ワーカー 1: 実行中... (経過時間: 60.0秒)
2025-05-23 07:23:14,236 - INFO - ワーカー 4: 実行中... (経過時間: 60.0秒)
2025-05-23 07:24:10,596 - ERROR - ワーカー 2 のシミュレーション失敗 (所要時間: 116.4秒)
2025-05-23 07:24:10,596 - ERROR - エラー内容: invalid format of global variable: 陦後≧
format is <symbol = value>
detector unit 000004: invalid input - distance 10 of section 000457005005

2025-05-23 07:24:10,596 - INFO - ワーカー 2 の処理完了 (所要時間: 116.4秒)
2025-05-23 07:24:10,596 - WARNING - ワーカー 2 でエラー発生
2025-05-23 07:24:11,589 - ERROR - ワーカー 4 のシミュレーション失敗 (所要時間: 117.4秒)
2025-05-23 07:24:11,589 - ERROR - エラー内容: invalid format of global variable: 陦後≧
format is <symbol = value>
detector unit 000004: invalid input - distance 10 of section 000457005005

2025-05-23 07:24:11,591 - INFO - ワーカー 4 の処理完了 (所要時間: 117.4秒)
2025-05-23 07:24:11,591 - WARNING - ワーカー 4 でエラー発生
2025-05-23 07:24:11,996 - ERROR - ワーカー 1 のシミュレーション失敗 (所要時間: 117.8秒)
2025-05-23 07:24:11,996 - ERROR - エラー内容: invalid format of global variable: 陦後≧
format is <symbol = value>
detector unit 000004: invalid input - distance 10 of section 000457005005

2025-05-23 07:24:11,996 - INFO - ワーカー 1 の処理完了 (所要時間: 117.8秒)
2025-05-23 07:24:11,996 - WARNING - ワーカー 1 でエラー発生
2025-05-23 07:24:12,325 - ERROR - ワーカー 3 のシミュレーション失敗 (所要時間: 118.1秒)
2025-05-23 07:24:12,325 - ERROR - エラー内容: invalid format of global variable: 陦後≧
format is <symbol = value>
detector unit 000004: invalid input - distance 10 of section 000457005005

2025-05-23 07:24:12,325 - INFO - ワーカー 3 の処理完了 (所要時間: 118.1秒)
2025-05-23 07:24:12,325 - WARNING - ワーカー 3 でエラー発生
2025-05-23 07:24:12,325 - ERROR - 一部のシミュレーションでエラーが発生しました (総所要時間: 118.1秒)
2025-05-23 07:24:12,325 - INFO - 設定 2/4 の評価が完了
2025-05-23 07:24:12,325 - INFO - 設定 3/4 の評価を開始
2025-05-23 07:24:12,325 - INFO - 並列シミュレーション開始: 4プロセス
2025-05-23 07:24:12,325 - INFO - Worker 1のディレクトリは既に存在: \\wsl.localhost\ubuntu-22.04\home\tsato-cnlab\Emates\eMATES_2308\network\coupled_network_shikata_1
2025-05-23 07:24:12,341 - INFO - Worker 2のディレクトリは既に存在: \\wsl.localhost\ubuntu-22.04\home\tsato-cnlab\Emates\eMATES_2308\network\coupled_network_shikata_2
2025-05-23 07:24:12,341 - INFO - Worker 3のディレクトリは既に存在: \\wsl.localhost\ubuntu-22.04\home\tsato-cnlab\Emates\eMATES_2308\network\coupled_network_shikata_3
2025-05-23 07:24:12,341 - INFO - Worker 4のディレクトリは既に存在: \\wsl.localhost\ubuntu-22.04\home\tsato-cnlab\Emates\eMATES_2308\network\coupled_network_shikata_4
2025-05-23 07:24:12,343 - INFO - 並列環境の準備が完了しました
2025-05-23 07:24:12,343 - INFO - ワーカー 1 の処理開始
2025-05-23 07:24:12,343 - INFO - ワーカー 2 の処理開始
2025-05-23 07:24:12,344 - INFO - ワーカー 3 の処理開始
2025-05-23 07:24:12,344 - INFO - ワーカー 4 の処理開始
2025-05-23 07:24:15,019 - ERROR - ワーカー 1 のシミュレーション失敗 (所要時間: 2.7秒)
2025-05-23 07:24:15,019 - ERROR - エラー内容: invalid format of global variable: 陦後≧
format is <symbol = value>
detector unit 000004: invalid input - distance 10 of section 000457005005

2025-05-23 07:24:15,019 - INFO - ワーカー 1 の処理完了 (所要時間: 2.7秒)
2025-05-23 07:24:15,019 - WARNING - ワーカー 1 でエラー発生
2025-05-23 07:24:15,671 - ERROR - ワーカー 4 のシミュレーション失敗 (所要時間: 3.3秒)
2025-05-23 07:24:15,671 - ERROR - エラー内容: invalid format of global variable: 陦後≧
format is <symbol = value>
detector unit 000004: invalid input - distance 10 of section 000457005005

2025-05-23 07:24:15,671 - INFO - ワーカー 4 の処理完了 (所要時間: 3.3秒)
2025-05-23 07:24:15,671 - WARNING - ワーカー 4 でエラー発生
2025-05-23 07:24:15,997 - ERROR - ワーカー 3 のシミュレーション失敗 (所要時間: 3.7秒)
2025-05-23 07:24:16,006 - ERROR - エラー内容: invalid format of global variable: 陦後≧
format is <symbol = value>
detector unit 000004: invalid input - distance 10 of section 000457005005

2025-05-23 07:24:16,006 - INFO - ワーカー 3 の処理完了 (所要時間: 3.7秒)
2025-05-23 07:24:16,006 - WARNING - ワーカー 3 でエラー発生
2025-05-23 07:24:16,238 - ERROR - ワーカー 2 のシミュレーション失敗 (所要時間: 3.9秒)
2025-05-23 07:24:16,238 - ERROR - エラー内容: invalid format of global variable: 陦後≧
format is <symbol = value>
detector unit 000004: invalid input - distance 10 of section 000457005005

2025-05-23 07:24:16,246 - INFO - ワーカー 2 の処理完了 (所要時間: 3.9秒)
2025-05-23 07:24:16,246 - WARNING - ワーカー 2 でエラー発生
2025-05-23 07:24:16,246 - ERROR - 一部のシミュレーションでエラーが発生しました (総所要時間: 3.9秒)
2025-05-23 07:24:16,246 - INFO - 設定 3/4 の評価が完了
2025-05-23 07:24:16,246 - INFO - 設定 4/4 の評価を開始
2025-05-23 07:24:16,246 - INFO - 並列シミュレーション開始: 4プロセス
2025-05-23 07:24:16,247 - INFO - Worker 1のディレクトリは既に存在: \\wsl.localhost\ubuntu-22.04\home\tsato-cnlab\Emates\eMATES_2308\network\coupled_network_shikata_1
2025-05-23 07:24:16,247 - INFO - Worker 2のディレクトリは既に存在: \\wsl.localhost\ubuntu-22.04\home\tsato-cnlab\Emates\eMATES_2308\network\coupled_network_shikata_2
2025-05-23 07:24:16,247 - INFO - Worker 3のディレクトリは既に存在: \\wsl.localhost\ubuntu-22.04\home\tsato-cnlab\Emates\eMATES_2308\network\coupled_network_shikata_3
2025-05-23 07:24:16,247 - INFO - Worker 4のディレクトリは既に存在: \\wsl.localhost\ubuntu-22.04\home\tsato-cnlab\Emates\eMATES_2308\network\coupled_network_shikata_4
2025-05-23 07:24:16,247 - INFO - 並列環境の準備が完了しました
2025-05-23 07:24:16,247 - INFO - ワーカー 1 の処理開始
2025-05-23 07:24:16,247 - INFO - ワーカー 2 の処理開始
2025-05-23 07:24:16,247 - INFO - ワーカー 3 の処理開始
2025-05-23 07:24:16,247 - INFO - ワーカー 4 の処理開始
2025-05-23 07:24:17,310 - ERROR - ワーカー 4 のシミュレーション失敗 (所要時間: 1.1秒)
2025-05-23 07:24:17,310 - ERROR - エラー内容: invalid format of global variable: 陦後≧
format is <symbol = value>
detector unit 000004: invalid input - distance 10 of section 000457005005

2025-05-23 07:24:17,310 - INFO - ワーカー 4 の処理完了 (所要時間: 1.1秒)
2025-05-23 07:24:17,310 - WARNING - ワーカー 4 でエラー発生
2025-05-23 07:24:18,588 - ERROR - ワーカー 1 のシミュレーション失敗 (所要時間: 2.3秒)
2025-05-23 07:24:18,588 - ERROR - エラー内容: invalid format of global variable: 陦後≧
format is <symbol = value>
detector unit 000004: invalid input - distance 10 of section 000457005005

2025-05-23 07:24:18,588 - INFO - ワーカー 1 の処理完了 (所要時間: 2.3秒)
2025-05-23 07:24:18,588 - WARNING - ワーカー 1 でエラー発生
2025-05-23 07:24:26,510 - ERROR - ワーカー 3 のシミュレーション失敗 (所要時間: 10.3秒)
2025-05-23 07:24:26,510 - ERROR - エラー内容: invalid format of global variable: 陦後≧
format is <symbol = value>
detector unit 000004: invalid input - distance 10 of section 000457005005

2025-05-23 07:24:26,510 - INFO - ワーカー 3 の処理完了 (所要時間: 10.3秒)
2025-05-23 07:24:26,511 - WARNING - ワーカー 3 でエラー発生
2025-05-23 07:24:26,511 - ERROR - ワーカー 2 のシミュレーション失敗 (所要時間: 10.3秒)
