2025-05-23 12:30:41,541 - INFO - ログ記録を開始しました: C:\Users\echiz\00_研究コード\eMATES解析_GA\emates\src\util\logs\simulation_20250523_123041.log
2025-05-23 12:30:41,541 - INFO - 実行パラメータ: 並列数=4, 設定=data/solution.json
2025-05-23 12:30:41,541 - INFO - 充電ステーション設定: [[0, 0, 2, 0, 2, 1, 0, 0, 2], [0, 0, 4, 0, 1, 3, 0, 2, 0], [0, 0, 2, 0, 2, 0, 0, 2, 1], [0, 0, 0, 0, 0, 1, 0, 0, 2]]
2025-05-23 12:30:41,542 - INFO - 総設定数: 4の評価を開始
2025-05-23 12:30:41,542 - INFO - 並列シミュレーション開始: 4プロセス
2025-05-23 12:30:41,542 - INFO - Worker 1のディレクトリは既に存在: \\wsl.localhost\ubuntu-22.04\home\tsato-cnlab\Emates\eMATES_2308\network\coupled_network_shikata_1
2025-05-23 12:30:41,545 - INFO - Worker 2のディレクトリは既に存在: \\wsl.localhost\ubuntu-22.04\home\tsato-cnlab\Emates\eMATES_2308\network\coupled_network_shikata_2
2025-05-23 12:30:41,545 - INFO - Worker 3のディレクトリは既に存在: \\wsl.localhost\ubuntu-22.04\home\tsato-cnlab\Emates\eMATES_2308\network\coupled_network_shikata_3
2025-05-23 12:30:41,546 - INFO - Worker 4のディレクトリは既に存在: \\wsl.localhost\ubuntu-22.04\home\tsato-cnlab\Emates\eMATES_2308\network\coupled_network_shikata_4
2025-05-23 12:30:41,546 - INFO - 並列環境の準備が完了しました
2025-05-23 12:30:41,548 - INFO - ワーカー 1 の処理開始
2025-05-23 12:30:41,548 - INFO - ワーカー 2 の処理開始
2025-05-23 12:30:41,548 - INFO - ワーカー 3 の処理開始
2025-05-23 12:30:41,548 - INFO - ワーカー 4 の処理開始
2025-05-23 12:31:41,552 - INFO - ワーカー 3: 実行中... (経過時間: 60.0秒)
2025-05-23 12:31:41,554 - INFO - ワーカー 1: 実行中... (経過時間: 60.0秒)
2025-05-23 12:31:41,556 - INFO - ワーカー 4: 実行中... (経過時間: 60.0秒)
2025-05-23 12:31:41,558 - INFO - ワーカー 2: 実行中... (経過時間: 60.0秒)
2025-05-23 12:32:41,555 - INFO - ワーカー 1: 実行中... (経過時間: 120.0秒)
2025-05-23 12:32:41,556 - INFO - ワーカー 3: 実行中... (経過時間: 120.0秒)
2025-05-23 12:32:41,556 - INFO - ワーカー 4: 実行中... (経過時間: 120.0秒)
2025-05-23 12:32:41,561 - INFO - ワーカー 2: 実行中... (経過時間: 120.0秒)
2025-05-23 12:33:41,556 - INFO - ワーカー 4: 実行中... (経過時間: 180.0秒)
2025-05-23 12:33:41,557 - INFO - ワーカー 1: 実行中... (経過時間: 180.0秒)
2025-05-23 12:33:41,557 - INFO - ワーカー 3: 実行中... (経過時間: 180.0秒)
2025-05-23 12:33:41,565 - INFO - ワーカー 2: 実行中... (経過時間: 180.0秒)
2025-05-23 12:34:41,557 - INFO - ワーカー 3: 実行中... (経過時間: 240.0秒)
2025-05-23 12:34:41,558 - INFO - ワーカー 4: 実行中... (経過時間: 240.0秒)
2025-05-23 12:34:41,561 - INFO - ワーカー 1: 実行中... (経過時間: 240.0秒)
2025-05-23 12:34:41,570 - INFO - ワーカー 2: 実行中... (経過時間: 240.0秒)
2025-05-23 12:35:41,560 - INFO - ワーカー 3: 実行中... (経過時間: 300.0秒)
2025-05-23 12:35:41,562 - INFO - ワーカー 1: 実行中... (経過時間: 300.0秒)
2025-05-23 12:35:41,566 - INFO - ワーカー 4: 実行中... (経過時間: 300.0秒)
2025-05-23 12:35:41,573 - INFO - ワーカー 2: 実行中... (経過時間: 300.0秒)
2025-05-23 12:36:41,564 - INFO - ワーカー 3: 実行中... (経過時間: 360.0秒)
2025-05-23 12:36:41,566 - INFO - ワーカー 4: 実行中... (経過時間: 360.0秒)
2025-05-23 12:36:41,567 - INFO - ワーカー 1: 実行中... (経過時間: 360.0秒)
2025-05-23 12:36:41,577 - INFO - ワーカー 2: 実行中... (経過時間: 360.0秒)
2025-05-23 12:37:41,565 - INFO - ワーカー 3: 実行中... (経過時間: 420.0秒)
2025-05-23 12:37:41,567 - INFO - ワーカー 4: 実行中... (経過時間: 420.0秒)
2025-05-23 12:37:41,569 - INFO - ワーカー 1: 実行中... (経過時間: 420.0秒)
2025-05-23 12:37:41,579 - INFO - ワーカー 2: 実行中... (経過時間: 420.0秒)
2025-05-23 12:37:57,874 - INFO - ワーカー 1 のシミュレーション完了 (所要時間: 436.3秒)
2025-05-23 12:37:57,875 - INFO - ワーカー 1 の処理完了 (所要時間: 436.3秒)
2025-05-23 12:37:57,875 - INFO - ワーカー 1 のシミュレーション正常終了
2025-05-23 12:37:58,632 - INFO - ワーカー 2 のシミュレーション完了 (所要時間: 437.1秒)
2025-05-23 12:37:58,632 - INFO - ワーカー 2 の処理完了 (所要時間: 437.1秒)
2025-05-23 12:37:58,633 - INFO - ワーカー 2 のシミュレーション正常終了
2025-05-23 12:37:59,538 - INFO - ワーカー 4 のシミュレーション完了 (所要時間: 438.0秒)
2025-05-23 12:37:59,539 - INFO - ワーカー 4 の処理完了 (所要時間: 438.0秒)
2025-05-23 12:37:59,539 - INFO - ワーカー 4 のシミュレーション正常終了
2025-05-23 12:38:00,578 - INFO - ワーカー 3 のシミュレーション完了 (所要時間: 439.0秒)
2025-05-23 12:38:00,578 - INFO - ワーカー 3 の処理完了 (所要時間: 439.0秒)
2025-05-23 12:38:00,578 - INFO - ワーカー 3 のシミュレーション正常終了
2025-05-23 12:38:00,579 - INFO - すべてのスレッドが終了しました
2025-05-23 12:38:00,579 - INFO - すべてのシミュレーションが正常に完了しました (総所要時間: 439.0秒)
2025-05-23 12:38:00,579 - INFO - 評価が完了
2025-05-23 12:38:00,579 - INFO - プログラム終了 (ステータス: 0)
