2025-05-23 10:13:15,297 - INFO - ログ記録を開始しました: C:\Users\echiz\00_研究コード\eMATES解析_GA\emates\src\util\logs\simulation_20250523_101315.log
2025-05-23 10:13:15,297 - INFO - 実行パラメータ: 並列数=4, 設定=data/solution.json
2025-05-23 10:13:15,297 - INFO - 充電ステーション設定: [[0, 0, 2, 0, 2, 1, 0, 0, 2], [0, 0, 4, 0, 1, 3, 0, 2, 0], [0, 0, 2, 0, 2, 0, 0, 2, 1], [0, 0, 0, 0, 0, 1, 0, 0, 2]]
2025-05-23 10:13:15,297 - INFO - 設定 1/4 の評価を開始
2025-05-23 10:13:15,297 - INFO - 並列シミュレーション開始: 4プロセス
2025-05-23 10:13:15,297 - INFO - Worker 1のディレクトリは既に存在: \\wsl.localhost\ubuntu-22.04\home\tsato-cnlab\Emates\eMATES_2308\network\coupled_network_shikata_1
2025-05-23 10:13:15,297 - INFO - Worker 2のディレクトリは既に存在: \\wsl.localhost\ubuntu-22.04\home\tsato-cnlab\Emates\eMATES_2308\network\coupled_network_shikata_2
2025-05-23 10:13:15,297 - INFO - Worker 3のディレクトリは既に存在: \\wsl.localhost\ubuntu-22.04\home\tsato-cnlab\Emates\eMATES_2308\network\coupled_network_shikata_3
2025-05-23 10:13:15,297 - INFO - Worker 4のディレクトリは既に存在: \\wsl.localhost\ubuntu-22.04\home\tsato-cnlab\Emates\eMATES_2308\network\coupled_network_shikata_4
2025-05-23 10:13:15,297 - INFO - 並列環境の準備が完了しました
2025-05-23 10:13:15,297 - INFO - ワーカー 1 の処理開始
2025-05-23 10:13:15,297 - INFO - ワーカー 2 の処理開始
2025-05-23 10:13:15,297 - INFO - ワーカー 3 の処理開始
2025-05-23 10:13:15,297 - INFO - ワーカー 4 の処理開始
2025-05-23 10:14:15,315 - INFO - ワーカー 3: 実行中... (経過時間: 60.0秒)
2025-05-23 10:14:15,317 - INFO - ワーカー 2: 実行中... (経過時間: 60.0秒)
2025-05-23 10:14:15,317 - INFO - ワーカー 1: 実行中... (経過時間: 60.0秒)
2025-05-23 10:14:15,319 - INFO - ワーカー 4: 実行中... (経過時間: 60.0秒)
2025-05-23 10:15:15,317 - INFO - ワーカー 3: 実行中... (経過時間: 120.0秒)
2025-05-23 10:15:15,320 - INFO - ワーカー 1: 実行中... (経過時間: 120.0秒)
2025-05-23 10:15:15,321 - INFO - ワーカー 2: 実行中... (経過時間: 120.0秒)
2025-05-23 10:15:15,323 - INFO - ワーカー 4: 実行中... (経過時間: 120.0秒)
2025-05-23 10:16:15,318 - INFO - ワーカー 3: 実行中... (経過時間: 180.0秒)
2025-05-23 10:16:15,324 - INFO - ワーカー 4: 実行中... (経過時間: 180.0秒)
2025-05-23 10:16:15,324 - INFO - ワーカー 2: 実行中... (経過時間: 180.0秒)
2025-05-23 10:16:15,325 - INFO - ワーカー 1: 実行中... (経過時間: 180.0秒)
2025-05-23 10:17:15,319 - INFO - ワーカー 3: 実行中... (経過時間: 240.0秒)
2025-05-23 10:17:15,329 - INFO - ワーカー 2: 実行中... (経過時間: 240.0秒)
2025-05-23 10:17:15,331 - INFO - ワーカー 1: 実行中... (経過時間: 240.0秒)
2025-05-23 10:17:15,332 - INFO - ワーカー 4: 実行中... (経過時間: 240.0秒)
2025-05-23 10:18:15,323 - INFO - ワーカー 3: 実行中... (経過時間: 300.0秒)
2025-05-23 10:18:15,332 - INFO - ワーカー 2: 実行中... (経過時間: 300.0秒)
2025-05-23 10:18:15,335 - INFO - ワーカー 1: 実行中... (経過時間: 300.0秒)
2025-05-23 10:18:15,336 - INFO - ワーカー 4: 実行中... (経過時間: 300.0秒)
2025-05-23 10:19:15,324 - INFO - ワーカー 3: 実行中... (経過時間: 360.0秒)
2025-05-23 10:19:15,336 - INFO - ワーカー 4: 実行中... (経過時間: 360.0秒)
2025-05-23 10:19:15,336 - INFO - ワーカー 1: 実行中... (経過時間: 360.0秒)
2025-05-23 10:19:15,337 - INFO - ワーカー 2: 実行中... (経過時間: 360.0秒)
2025-05-23 10:20:15,329 - INFO - ワーカー 3: 実行中... (経過時間: 420.0秒)
2025-05-23 10:20:15,341 - INFO - ワーカー 4: 実行中... (経過時間: 420.0秒)
2025-05-23 10:20:15,342 - INFO - ワーカー 2: 実行中... (経過時間: 420.0秒)
2025-05-23 10:20:15,342 - INFO - ワーカー 1: 実行中... (経過時間: 420.0秒)
2025-05-23 10:20:31,666 - INFO - ワーカー 1 のシミュレーション完了 (所要時間: 436.4秒)
2025-05-23 10:20:31,667 - INFO - ワーカー 1 の処理完了 (所要時間: 436.4秒)
2025-05-23 10:20:31,667 - INFO - ワーカー 1 のシミュレーション正常終了
2025-05-23 10:20:32,782 - INFO - ワーカー 3 のシミュレーション完了 (所要時間: 437.5秒)
2025-05-23 10:20:32,783 - INFO - ワーカー 3 の処理完了 (所要時間: 437.5秒)
2025-05-23 10:20:32,783 - INFO - ワーカー 3 のシミュレーション正常終了
2025-05-23 10:20:35,429 - INFO - ワーカー 4 のシミュレーション完了 (所要時間: 440.1秒)
2025-05-23 10:20:35,429 - INFO - ワーカー 4 の処理完了 (所要時間: 440.1秒)
2025-05-23 10:20:35,429 - INFO - ワーカー 4 のシミュレーション正常終了
2025-05-23 10:20:38,084 - INFO - ワーカー 2 のシミュレーション完了 (所要時間: 442.8秒)
2025-05-23 10:20:38,084 - INFO - ワーカー 2 の処理完了 (所要時間: 442.8秒)
2025-05-23 10:20:38,084 - INFO - ワーカー 2 のシミュレーション正常終了
2025-05-23 10:20:38,084 - INFO - すべてのスレッドが終了しました
2025-05-23 10:20:38,084 - INFO - すべてのシミュレーションが正常に完了しました (総所要時間: 442.8秒)
2025-05-23 10:20:38,084 - INFO - 設定 1/4 の評価が完了
2025-05-23 10:20:38,084 - INFO - 設定 2/4 の評価を開始
2025-05-23 10:20:38,084 - INFO - 並列シミュレーション開始: 4プロセス
2025-05-23 10:20:38,084 - INFO - Worker 1のディレクトリは既に存在: \\wsl.localhost\ubuntu-22.04\home\tsato-cnlab\Emates\eMATES_2308\network\coupled_network_shikata_1
2025-05-23 10:20:38,084 - INFO - Worker 2のディレクトリは既に存在: \\wsl.localhost\ubuntu-22.04\home\tsato-cnlab\Emates\eMATES_2308\network\coupled_network_shikata_2
2025-05-23 10:20:38,084 - INFO - Worker 3のディレクトリは既に存在: \\wsl.localhost\ubuntu-22.04\home\tsato-cnlab\Emates\eMATES_2308\network\coupled_network_shikata_3
2025-05-23 10:20:38,084 - INFO - Worker 4のディレクトリは既に存在: \\wsl.localhost\ubuntu-22.04\home\tsato-cnlab\Emates\eMATES_2308\network\coupled_network_shikata_4
2025-05-23 10:20:38,093 - INFO - 並列環境の準備が完了しました
2025-05-23 10:20:38,093 - INFO - ワーカー 1 の処理開始
2025-05-23 10:20:38,093 - INFO - ワーカー 2 の処理開始
2025-05-23 10:20:38,094 - INFO - ワーカー 3 の処理開始
2025-05-23 10:20:38,094 - INFO - ワーカー 4 の処理開始
2025-05-23 10:20:47,050 - ERROR - ワーカー 4 のシミュレーション失敗 (所要時間: 9.0秒)
2025-05-23 10:20:47,050 - ERROR - エラー内容: invalid format of global variable: 陦後≧
format is <symbol = value>
detector unit 000004: invalid input - distance 10 of section 000457005005

2025-05-23 10:20:47,050 - INFO - ワーカー 4 の処理完了 (所要時間: 9.0秒)
2025-05-23 10:20:47,050 - WARNING - ワーカー 4 でエラー発生
2025-05-23 10:20:47,487 - ERROR - ワーカー 1 のシミュレーション失敗 (所要時間: 9.4秒)
2025-05-23 10:20:47,487 - ERROR - エラー内容: invalid format of global variable: 陦後≧
format is <symbol = value>
detector unit 000004: invalid input - distance 10 of section 000457005005

2025-05-23 10:20:47,488 - INFO - ワーカー 1 の処理完了 (所要時間: 9.4秒)
2025-05-23 10:20:47,488 - WARNING - ワーカー 1 でエラー発生
2025-05-23 10:20:47,867 - ERROR - ワーカー 3 のシミュレーション失敗 (所要時間: 9.8秒)
2025-05-23 10:20:47,867 - ERROR - エラー内容: invalid format of global variable: 陦後≧
format is <symbol = value>
detector unit 000004: invalid input - distance 10 of section 000457005005

2025-05-23 10:20:47,867 - INFO - ワーカー 3 の処理完了 (所要時間: 9.8秒)
2025-05-23 10:20:47,867 - WARNING - ワーカー 3 でエラー発生
2025-05-23 10:20:48,165 - ERROR - ワーカー 2 のシミュレーション失敗 (所要時間: 10.1秒)
2025-05-23 10:20:48,165 - ERROR - エラー内容: invalid format of global variable: 陦後≧
format is <symbol = value>
detector unit 000004: invalid input - distance 10 of section 000457005005

2025-05-23 10:20:48,165 - INFO - ワーカー 2 の処理完了 (所要時間: 10.1秒)
2025-05-23 10:20:48,165 - WARNING - ワーカー 2 でエラー発生
2025-05-23 10:20:48,165 - INFO - すべてのスレッドが終了しました
2025-05-23 10:20:48,165 - ERROR - 一部のシミュレーションでエラーが発生しました (総所要時間: 10.1秒)
2025-05-23 10:20:48,165 - INFO - 設定 2/4 の評価が完了
2025-05-23 10:20:48,165 - INFO - 設定 3/4 の評価を開始
2025-05-23 10:20:48,165 - INFO - 並列シミュレーション開始: 4プロセス
2025-05-23 10:20:48,178 - INFO - Worker 1のディレクトリは既に存在: \\wsl.localhost\ubuntu-22.04\home\tsato-cnlab\Emates\eMATES_2308\network\coupled_network_shikata_1
2025-05-23 10:20:48,178 - INFO - Worker 2のディレクトリは既に存在: \\wsl.localhost\ubuntu-22.04\home\tsato-cnlab\Emates\eMATES_2308\network\coupled_network_shikata_2
2025-05-23 10:20:48,178 - INFO - Worker 3のディレクトリは既に存在: \\wsl.localhost\ubuntu-22.04\home\tsato-cnlab\Emates\eMATES_2308\network\coupled_network_shikata_3
2025-05-23 10:20:48,178 - INFO - Worker 4のディレクトリは既に存在: \\wsl.localhost\ubuntu-22.04\home\tsato-cnlab\Emates\eMATES_2308\network\coupled_network_shikata_4
2025-05-23 10:20:48,178 - INFO - 並列環境の準備が完了しました
2025-05-23 10:20:48,178 - INFO - ワーカー 1 の処理開始
2025-05-23 10:20:48,178 - INFO - ワーカー 2 の処理開始
2025-05-23 10:20:48,181 - INFO - ワーカー 3 の処理開始
2025-05-23 10:20:48,181 - INFO - ワーカー 4 の処理開始
2025-05-23 10:20:49,454 - ERROR - ワーカー 1 のシミュレーション失敗 (所要時間: 1.3秒)
2025-05-23 10:20:49,454 - ERROR - エラー内容: invalid format of global variable: 陦後≧
format is <symbol = value>
detector unit 000004: invalid input - distance 10 of section 000457005005

2025-05-23 10:20:49,454 - INFO - ワーカー 1 の処理完了 (所要時間: 1.3秒)
2025-05-23 10:20:49,454 - WARNING - ワーカー 1 でエラー発生
2025-05-23 10:20:49,631 - ERROR - ワーカー 3 のシミュレーション失敗 (所要時間: 1.4秒)
2025-05-23 10:20:49,632 - ERROR - エラー内容: invalid format of global variable: 陦後≧
format is <symbol = value>
detector unit 000004: invalid input - distance 10 of section 000457005005

2025-05-23 10:20:49,632 - INFO - ワーカー 3 の処理完了 (所要時間: 1.5秒)
2025-05-23 10:20:49,632 - WARNING - ワーカー 3 でエラー発生
2025-05-23 10:20:49,797 - ERROR - ワーカー 2 のシミュレーション失敗 (所要時間: 1.6秒)
2025-05-23 10:20:49,797 - ERROR - エラー内容: invalid format of global variable: 陦後≧
format is <symbol = value>
detector unit 000004: invalid input - distance 10 of section 000457005005

2025-05-23 10:20:49,797 - INFO - ワーカー 2 の処理完了 (所要時間: 1.6秒)
2025-05-23 10:20:49,797 - WARNING - ワーカー 2 でエラー発生
2025-05-23 10:20:49,955 - ERROR - ワーカー 4 のシミュレーション失敗 (所要時間: 1.8秒)
2025-05-23 10:20:49,955 - ERROR - エラー内容: invalid format of global variable: 陦後≧
format is <symbol = value>
detector unit 000004: invalid input - distance 10 of section 000457005005

2025-05-23 10:20:49,955 - INFO - ワーカー 4 の処理完了 (所要時間: 1.8秒)
2025-05-23 10:20:49,955 - WARNING - ワーカー 4 でエラー発生
2025-05-23 10:20:49,969 - INFO - すべてのスレッドが終了しました
2025-05-23 10:20:49,969 - ERROR - 一部のシミュレーションでエラーが発生しました (総所要時間: 1.8秒)
2025-05-23 10:20:49,969 - INFO - 設定 3/4 の評価が完了
2025-05-23 10:20:49,969 - INFO - 設定 4/4 の評価を開始
2025-05-23 10:20:49,969 - INFO - 並列シミュレーション開始: 4プロセス
2025-05-23 10:20:49,970 - INFO - Worker 1のディレクトリは既に存在: \\wsl.localhost\ubuntu-22.04\home\tsato-cnlab\Emates\eMATES_2308\network\coupled_network_shikata_1
2025-05-23 10:20:49,971 - INFO - Worker 2のディレクトリは既に存在: \\wsl.localhost\ubuntu-22.04\home\tsato-cnlab\Emates\eMATES_2308\network\coupled_network_shikata_2
2025-05-23 10:20:49,972 - INFO - Worker 3のディレクトリは既に存在: \\wsl.localhost\ubuntu-22.04\home\tsato-cnlab\Emates\eMATES_2308\network\coupled_network_shikata_3
2025-05-23 10:20:49,972 - INFO - Worker 4のディレクトリは既に存在: \\wsl.localhost\ubuntu-22.04\home\tsato-cnlab\Emates\eMATES_2308\network\coupled_network_shikata_4
2025-05-23 10:20:49,972 - INFO - 並列環境の準備が完了しました
2025-05-23 10:20:49,973 - INFO - ワーカー 1 の処理開始
2025-05-23 10:20:49,973 - INFO - ワーカー 2 の処理開始
2025-05-23 10:20:49,973 - INFO - ワーカー 3 の処理開始
2025-05-23 10:20:49,974 - INFO - ワーカー 4 の処理開始
2025-05-23 10:20:50,431 - ERROR - ワーカー 1 のシミュレーション失敗 (所要時間: 0.5秒)
2025-05-23 10:20:50,431 - ERROR - エラー内容: invalid format of global variable: 陦後≧
format is <symbol = value>
detector unit 000004: invalid input - distance 10 of section 000457005005

2025-05-23 10:20:50,431 - INFO - ワーカー 1 の処理完了 (所要時間: 0.5秒)
2025-05-23 10:20:50,431 - WARNING - ワーカー 1 でエラー発生
2025-05-23 10:20:50,594 - ERROR - ワーカー 4 のシミュレーション失敗 (所要時間: 0.6秒)
2025-05-23 10:20:50,594 - ERROR - エラー内容: invalid format of global variable: 陦後≧
format is <symbol = value>
detector unit 000004: invalid input - distance 10 of section 000457005005

2025-05-23 10:20:50,600 - INFO - ワーカー 4 の処理完了 (所要時間: 0.6秒)
2025-05-23 10:20:50,600 - WARNING - ワーカー 4 でエラー発生
2025-05-23 10:20:50,759 - ERROR - ワーカー 2 のシミュレーション失敗 (所要時間: 0.8秒)
2025-05-23 10:20:50,759 - ERROR - エラー内容: invalid format of global variable: 陦後≧
format is <symbol = value>
detector unit 000004: invalid input - distance 10 of section 000457005005

2025-05-23 10:20:50,759 - INFO - ワーカー 2 の処理完了 (所要時間: 0.8秒)
2025-05-23 10:20:50,760 - WARNING - ワーカー 2 でエラー発生
2025-05-23 10:20:50,976 - ERROR - ワーカー 3 のシミュレーション失敗 (所要時間: 1.0秒)
2025-05-23 10:20:50,976 - ERROR - エラー内容: invalid format of global variable: 陦後≧
format is <symbol = value>
detector unit 000004: invalid input - distance 10 of section 000457005005

2025-05-23 10:20:50,977 - INFO - ワーカー 3 の処理完了 (所要時間: 1.0秒)
2025-05-23 10:20:50,977 - WARNING - ワーカー 3 でエラー発生
2025-05-23 10:20:50,978 - INFO - すべてのスレッドが終了しました
2025-05-23 10:20:50,978 - ERROR - 一部のシミュレーションでエラーが発生しました (総所要時間: 1.0秒)
2025-05-23 10:20:50,978 - INFO - 設定 4/4 の評価が完了
2025-05-23 10:20:50,978 - INFO - プログラム終了 (ステータス: 0)
