2025-05-23 09:58:35,971 - INFO - ログ記録を開始しました: C:\Users\echiz\00_研究コード\eMATES解析_GA\emates\src\util\logs\simulation_20250523_095835.log
2025-05-23 09:58:35,971 - INFO - 実行パラメータ: 並列数=4, 設定=data/solution.json
2025-05-23 09:58:35,979 - INFO - 充電ステーション設定: [[0, 0, 2, 0, 2, 1, 0, 0, 2], [0, 0, 4, 0, 1, 3, 0, 2, 0], [0, 0, 2, 0, 2, 0, 0, 2, 1], [0, 0, 0, 0, 0, 1, 0, 0, 2]]
2025-05-23 09:58:35,979 - INFO - 設定 1/4 の評価を開始
2025-05-23 09:58:35,979 - INFO - 並列シミュレーション開始: 4プロセス
2025-05-23 09:58:35,981 - INFO - Worker 1のディレクトリは既に存在: \\wsl.localhost\ubuntu-22.04\home\tsato-cnlab\Emates\eMATES_2308\network\coupled_network_shikata_1
2025-05-23 09:58:35,983 - INFO - Worker 2のディレクトリは既に存在: \\wsl.localhost\ubuntu-22.04\home\tsato-cnlab\Emates\eMATES_2308\network\coupled_network_shikata_2
2025-05-23 09:58:35,984 - INFO - Worker 3のディレクトリは既に存在: \\wsl.localhost\ubuntu-22.04\home\tsato-cnlab\Emates\eMATES_2308\network\coupled_network_shikata_3
2025-05-23 09:58:35,985 - INFO - Worker 4のディレクトリは既に存在: \\wsl.localhost\ubuntu-22.04\home\tsato-cnlab\Emates\eMATES_2308\network\coupled_network_shikata_4
2025-05-23 09:58:35,985 - INFO - 並列環境の準備が完了しました
2025-05-23 09:58:35,988 - INFO - ワーカー 1 の処理開始
2025-05-23 09:58:35,988 - INFO - ワーカー 2 の処理開始
2025-05-23 09:58:35,989 - INFO - ワーカー 3 の処理開始
2025-05-23 09:58:35,989 - INFO - ワーカー 4 の処理開始
2025-05-23 09:59:35,994 - INFO - ワーカー 4: 実行中... (経過時間: 60.0秒)
2025-05-23 09:59:35,994 - INFO - ワーカー 3: 実行中... (経過時間: 60.0秒)
2025-05-23 09:59:35,994 - INFO - ワーカー 2: 実行中... (経過時間: 60.0秒)
2025-05-23 09:59:36,003 - INFO - ワーカー 1: 実行中... (経過時間: 60.0秒)
2025-05-23 10:00:35,997 - INFO - ワーカー 3: 実行中... (経過時間: 120.0秒)
2025-05-23 10:00:35,997 - INFO - ワーカー 4: 実行中... (経過時間: 120.0秒)
2025-05-23 10:00:35,997 - INFO - ワーカー 2: 実行中... (経過時間: 120.0秒)
2025-05-23 10:00:36,007 - INFO - ワーカー 1: 実行中... (経過時間: 120.0秒)
2025-05-23 10:01:35,997 - INFO - ワーカー 4: 実行中... (経過時間: 180.0秒)
2025-05-23 10:01:35,998 - INFO - ワーカー 3: 実行中... (経過時間: 180.0秒)
2025-05-23 10:01:36,001 - INFO - ワーカー 2: 実行中... (経過時間: 180.0秒)
2025-05-23 10:01:36,007 - INFO - ワーカー 1: 実行中... (経過時間: 180.0秒)
2025-05-23 10:02:36,000 - INFO - ワーカー 4: 実行中... (経過時間: 240.0秒)
2025-05-23 10:02:36,002 - INFO - ワーカー 2: 実行中... (経過時間: 240.0秒)
2025-05-23 10:02:36,003 - INFO - ワーカー 3: 実行中... (経過時間: 240.0秒)
2025-05-23 10:02:36,018 - INFO - ワーカー 1: 実行中... (経過時間: 240.0秒)
2025-05-23 10:02:46,588 - ERROR - ワーカー 3 のシミュレーション失敗 (所要時間: 250.6秒)
2025-05-23 10:02:46,588 - ERROR - エラー内容: invalid format of global variable: 陦後≧
format is <symbol = value>
detector unit 000004: invalid input - distance 10 of section 000457005005

2025-05-23 10:02:46,590 - INFO - ワーカー 3 の処理完了 (所要時間: 250.6秒)
2025-05-23 10:02:46,590 - WARNING - ワーカー 3 でエラー発生
2025-05-23 10:02:46,590 - ERROR - ワーカー 4 のシミュレーション失敗 (所要時間: 250.6秒)
2025-05-23 10:02:46,592 - ERROR - エラー内容: invalid format of global variable: 陦後≧
format is <symbol = value>
detector unit 000004: invalid input - distance 10 of section 000457005005

2025-05-23 10:02:46,592 - INFO - ワーカー 4 の処理完了 (所要時間: 250.6秒)
2025-05-23 10:02:46,592 - WARNING - ワーカー 4 でエラー発生
2025-05-23 10:03:10,010 - ERROR - ワーカー 1 のシミュレーション失敗 (所要時間: 274.0秒)
2025-05-23 10:03:10,010 - ERROR - エラー内容: invalid format of global variable: 陦後≧
format is <symbol = value>
detector unit 000004: invalid input - distance 10 of section 000457005005

2025-05-23 10:03:10,010 - INFO - ワーカー 1 の処理完了 (所要時間: 274.0秒)
2025-05-23 10:03:10,010 - WARNING - ワーカー 1 でエラー発生
2025-05-23 10:03:16,379 - ERROR - ワーカー 2 のシミュレーション失敗 (所要時間: 280.4秒)
2025-05-23 10:03:16,379 - ERROR - エラー内容: invalid format of global variable: 陦後≧
format is <symbol = value>
detector unit 000004: invalid input - distance 10 of section 000457005005

2025-05-23 10:03:16,379 - INFO - ワーカー 2 の処理完了 (所要時間: 280.4秒)
2025-05-23 10:03:16,379 - WARNING - ワーカー 2 でエラー発生
2025-05-23 10:03:16,379 - ERROR - 一部のシミュレーションでエラーが発生しました (総所要時間: 280.4秒)
2025-05-23 10:03:16,379 - INFO - 設定 1/4 の評価が完了
2025-05-23 10:03:16,379 - INFO - 設定 2/4 の評価を開始
2025-05-23 10:03:16,379 - INFO - 並列シミュレーション開始: 4プロセス
2025-05-23 10:03:16,379 - INFO - Worker 1のディレクトリは既に存在: \\wsl.localhost\ubuntu-22.04\home\tsato-cnlab\Emates\eMATES_2308\network\coupled_network_shikata_1
2025-05-23 10:03:16,379 - INFO - Worker 2のディレクトリは既に存在: \\wsl.localhost\ubuntu-22.04\home\tsato-cnlab\Emates\eMATES_2308\network\coupled_network_shikata_2
2025-05-23 10:03:16,379 - INFO - Worker 3のディレクトリは既に存在: \\wsl.localhost\ubuntu-22.04\home\tsato-cnlab\Emates\eMATES_2308\network\coupled_network_shikata_3
2025-05-23 10:03:16,379 - INFO - Worker 4のディレクトリは既に存在: \\wsl.localhost\ubuntu-22.04\home\tsato-cnlab\Emates\eMATES_2308\network\coupled_network_shikata_4
2025-05-23 10:03:16,379 - INFO - 並列環境の準備が完了しました
2025-05-23 10:03:16,379 - INFO - ワーカー 1 の処理開始
2025-05-23 10:03:16,379 - INFO - ワーカー 2 の処理開始
2025-05-23 10:03:16,379 - INFO - ワーカー 3 の処理開始
2025-05-23 10:03:16,387 - INFO - ワーカー 4 の処理開始
2025-05-23 10:04:16,392 - INFO - ワーカー 1: 実行中... (経過時間: 60.0秒)
2025-05-23 10:04:16,394 - INFO - ワーカー 2: 実行中... (経過時間: 60.0秒)
2025-05-23 10:04:16,395 - INFO - ワーカー 3: 実行中... (経過時間: 60.0秒)
2025-05-23 10:04:16,395 - INFO - ワーカー 4: 実行中... (経過時間: 60.0秒)
2025-05-23 10:05:16,394 - INFO - ワーカー 2: 実行中... (経過時間: 120.0秒)
2025-05-23 10:05:16,394 - INFO - ワーカー 1: 実行中... (経過時間: 120.0秒)
2025-05-23 10:05:16,398 - INFO - ワーカー 4: 実行中... (経過時間: 120.0秒)
2025-05-23 10:05:16,401 - INFO - ワーカー 3: 実行中... (経過時間: 120.0秒)
2025-05-23 10:06:16,396 - INFO - ワーカー 1: 実行中... (経過時間: 180.0秒)
2025-05-23 10:06:16,400 - INFO - ワーカー 2: 実行中... (経過時間: 180.0秒)
2025-05-23 10:06:16,400 - INFO - ワーカー 4: 実行中... (経過時間: 180.0秒)
2025-05-23 10:06:16,406 - INFO - ワーカー 3: 実行中... (経過時間: 180.0秒)
2025-05-23 10:07:16,401 - INFO - ワーカー 4: 実行中... (経過時間: 240.0秒)
2025-05-23 10:07:16,401 - INFO - ワーカー 1: 実行中... (経過時間: 240.0秒)
2025-05-23 10:07:16,403 - INFO - ワーカー 2: 実行中... (経過時間: 240.0秒)
2025-05-23 10:07:16,411 - INFO - ワーカー 3: 実行中... (経過時間: 240.0秒)
2025-05-23 10:07:36,549 - ERROR - ワーカー 4 のシミュレーション失敗 (所要時間: 260.2秒)
2025-05-23 10:07:36,549 - ERROR - エラー内容: invalid format of global variable: 陦後≧
format is <symbol = value>
detector unit 000004: invalid input - distance 10 of section 000457005005

2025-05-23 10:07:36,553 - INFO - ワーカー 4 の処理完了 (所要時間: 260.2秒)
2025-05-23 10:07:36,553 - WARNING - ワーカー 4 でエラー発生
2025-05-23 10:07:37,726 - ERROR - ワーカー 3 のシミュレーション失敗 (所要時間: 261.3秒)
2025-05-23 10:07:37,726 - ERROR - エラー内容: invalid format of global variable: 陦後≧
format is <symbol = value>
detector unit 000004: invalid input - distance 10 of section 000457005005

2025-05-23 10:07:37,728 - INFO - ワーカー 3 の処理完了 (所要時間: 261.3秒)
2025-05-23 10:07:37,728 - WARNING - ワーカー 3 でエラー発生
2025-05-23 10:07:37,966 - ERROR - ワーカー 2 のシミュレーション失敗 (所要時間: 261.6秒)
2025-05-23 10:07:37,966 - ERROR - エラー内容: invalid format of global variable: 陦後≧
format is <symbol = value>
detector unit 000004: invalid input - distance 10 of section 000457005005

2025-05-23 10:07:37,966 - INFO - ワーカー 2 の処理完了 (所要時間: 261.6秒)
2025-05-23 10:07:37,966 - WARNING - ワーカー 2 でエラー発生
2025-05-23 10:07:38,263 - ERROR - ワーカー 1 のシミュレーション失敗 (所要時間: 261.9秒)
2025-05-23 10:07:38,263 - ERROR - エラー内容: invalid format of global variable: 陦後≧
format is <symbol = value>
detector unit 000004: invalid input - distance 10 of section 000457005005

2025-05-23 10:07:38,263 - INFO - ワーカー 1 の処理完了 (所要時間: 261.9秒)
2025-05-23 10:07:38,263 - WARNING - ワーカー 1 でエラー発生
2025-05-23 10:07:38,263 - ERROR - 一部のシミュレーションでエラーが発生しました (総所要時間: 261.9秒)
2025-05-23 10:07:38,263 - INFO - 設定 2/4 の評価が完了
2025-05-23 10:07:38,263 - INFO - 設定 3/4 の評価を開始
2025-05-23 10:07:38,263 - INFO - 並列シミュレーション開始: 4プロセス
2025-05-23 10:07:38,263 - INFO - Worker 1のディレクトリは既に存在: \\wsl.localhost\ubuntu-22.04\home\tsato-cnlab\Emates\eMATES_2308\network\coupled_network_shikata_1
2025-05-23 10:07:38,263 - INFO - Worker 2のディレクトリは既に存在: \\wsl.localhost\ubuntu-22.04\home\tsato-cnlab\Emates\eMATES_2308\network\coupled_network_shikata_2
2025-05-23 10:07:38,263 - INFO - Worker 3のディレクトリは既に存在: \\wsl.localhost\ubuntu-22.04\home\tsato-cnlab\Emates\eMATES_2308\network\coupled_network_shikata_3
2025-05-23 10:07:38,263 - INFO - Worker 4のディレクトリは既に存在: \\wsl.localhost\ubuntu-22.04\home\tsato-cnlab\Emates\eMATES_2308\network\coupled_network_shikata_4
2025-05-23 10:07:38,263 - INFO - 並列環境の準備が完了しました
2025-05-23 10:07:38,263 - INFO - ワーカー 1 の処理開始
2025-05-23 10:07:38,270 - INFO - ワーカー 2 の処理開始
2025-05-23 10:07:38,270 - INFO - ワーカー 3 の処理開始
2025-05-23 10:07:38,270 - INFO - ワーカー 4 の処理開始
2025-05-23 10:07:42,838 - ERROR - ワーカー 2 のシミュレーション失敗 (所要時間: 4.6秒)
2025-05-23 10:07:42,838 - ERROR - エラー内容: invalid format of global variable: 陦後≧
format is <symbol = value>
detector unit 000004: invalid input - distance 10 of section 000457005005

2025-05-23 10:07:42,838 - INFO - ワーカー 2 の処理完了 (所要時間: 4.6秒)
2025-05-23 10:07:42,838 - WARNING - ワーカー 2 でエラー発生
2025-05-23 10:07:43,055 - ERROR - ワーカー 3 のシミュレーション失敗 (所要時間: 4.8秒)
2025-05-23 10:07:43,055 - ERROR - エラー内容: invalid format of global variable: 陦後≧
format is <symbol = value>
detector unit 000004: invalid input - distance 10 of section 000457005005

2025-05-23 10:07:43,055 - INFO - ワーカー 3 の処理完了 (所要時間: 4.8秒)
2025-05-23 10:07:43,055 - WARNING - ワーカー 3 でエラー発生
2025-05-23 10:07:43,274 - ERROR - ワーカー 1 のシミュレーション失敗 (所要時間: 5.0秒)
2025-05-23 10:07:43,274 - ERROR - エラー内容: invalid format of global variable: 陦後≧
format is <symbol = value>
detector unit 000004: invalid input - distance 10 of section 000457005005

2025-05-23 10:07:43,274 - INFO - ワーカー 1 の処理完了 (所要時間: 5.0秒)
2025-05-23 10:07:43,274 - WARNING - ワーカー 1 でエラー発生
2025-05-23 10:07:43,559 - ERROR - ワーカー 4 のシミュレーション失敗 (所要時間: 5.3秒)
2025-05-23 10:07:43,559 - ERROR - エラー内容: invalid format of global variable: 陦後≧
format is <symbol = value>
detector unit 000004: invalid input - distance 10 of section 000457005005

2025-05-23 10:07:43,559 - INFO - ワーカー 4 の処理完了 (所要時間: 5.3秒)
2025-05-23 10:07:43,559 - WARNING - ワーカー 4 でエラー発生
2025-05-23 10:07:43,559 - ERROR - 一部のシミュレーションでエラーが発生しました (総所要時間: 5.3秒)
2025-05-23 10:07:43,559 - INFO - 設定 3/4 の評価が完了
2025-05-23 10:07:43,559 - INFO - 設定 4/4 の評価を開始
2025-05-23 10:07:43,559 - INFO - 並列シミュレーション開始: 4プロセス
2025-05-23 10:07:43,559 - INFO - Worker 1のディレクトリは既に存在: \\wsl.localhost\ubuntu-22.04\home\tsato-cnlab\Emates\eMATES_2308\network\coupled_network_shikata_1
2025-05-23 10:07:43,559 - INFO - Worker 2のディレクトリは既に存在: \\wsl.localhost\ubuntu-22.04\home\tsato-cnlab\Emates\eMATES_2308\network\coupled_network_shikata_2
2025-05-23 10:07:43,559 - INFO - Worker 3のディレクトリは既に存在: \\wsl.localhost\ubuntu-22.04\home\tsato-cnlab\Emates\eMATES_2308\network\coupled_network_shikata_3
2025-05-23 10:07:43,563 - INFO - Worker 4のディレクトリは既に存在: \\wsl.localhost\ubuntu-22.04\home\tsato-cnlab\Emates\eMATES_2308\network\coupled_network_shikata_4
2025-05-23 10:07:43,563 - INFO - 並列環境の準備が完了しました
2025-05-23 10:07:43,563 - INFO - ワーカー 1 の処理開始
2025-05-23 10:07:43,563 - INFO - ワーカー 2 の処理開始
2025-05-23 10:07:43,563 - INFO - ワーカー 3 の処理開始
2025-05-23 10:07:43,563 - INFO - ワーカー 4 の処理開始
2025-05-23 10:07:43,879 - ERROR - ワーカー 4 のシミュレーション失敗 (所要時間: 0.3秒)
2025-05-23 10:07:43,879 - ERROR - エラー内容: invalid format of global variable: 陦後≧
format is <symbol = value>
detector unit 000004: invalid input - distance 10 of section 000457005005

2025-05-23 10:07:43,879 - INFO - ワーカー 4 の処理完了 (所要時間: 0.3秒)
2025-05-23 10:07:43,879 - WARNING - ワーカー 4 でエラー発生
2025-05-23 10:07:44,446 - ERROR - ワーカー 3 のシミュレーション失敗 (所要時間: 0.9秒)
2025-05-23 10:07:44,446 - ERROR - エラー内容: invalid format of global variable: 陦後≧
format is <symbol = value>
detector unit 000004: invalid input - distance 10 of section 000457005005

2025-05-23 10:07:44,446 - INFO - ワーカー 3 の処理完了 (所要時間: 0.9秒)
2025-05-23 10:07:44,446 - WARNING - ワーカー 3 でエラー発生
2025-05-23 10:07:44,659 - ERROR - ワーカー 2 のシミュレーション失敗 (所要時間: 1.1秒)
2025-05-23 10:07:44,659 - ERROR - エラー内容: invalid format of global variable: 陦後≧
format is <symbol = value>
detector unit 000004: invalid input - distance 10 of section 000457005005

2025-05-23 10:07:44,659 - INFO - ワーカー 2 の処理完了 (所要時間: 1.1秒)
2025-05-23 10:07:44,663 - WARNING - ワーカー 2 でエラー発生
2025-05-23 10:07:44,870 - ERROR - ワーカー 1 のシミュレーション失敗 (所要時間: 1.3秒)
2025-05-23 10:07:44,870 - ERROR - エラー内容: invalid format of global variable: 陦後≧
format is <symbol = value>
detector unit 000004: invalid input - distance 10 of section 000457005005

2025-05-23 10:07:44,870 - INFO - ワーカー 1 の処理完了 (所要時間: 1.3秒)
2025-05-23 10:07:44,870 - WARNING - ワーカー 1 でエラー発生
2025-05-23 10:07:44,870 - ERROR - 一部のシミュレーションでエラーが発生しました (総所要時間: 1.3秒)
2025-05-23 10:07:44,870 - INFO - 設定 4/4 の評価が完了
2025-05-23 10:07:44,870 - INFO - プログラム終了 (ステータス: 1)
